I prefer c
How will this help me create wealth
What will the git hub gold scraper look like
India
Explain the code to me line by line 
 i can build and run the scraper but unless I am able to monetize early I believe I will lose interest 
My problem I s building the website
How can i add copilot ai in desktop
How are laptops selling copilot ai
I want copilot ai dekstops
Under 50k
I want cpu only
What if I increase my budget to 70k
What is nnu and how much does it cost 
Yes
D
B
Now let's come back to building a scraper
Is it possible to run the python code in mobile
Yes what the best mobiles to run python
What about APIs instead of scraping
Ok let's go off topic now
I understand what my weakness is i.e content building
Again it's about reward 
A and c
B because money will eventually come if traffic cones 
Traceback (most recent call last):
  File "C:\flippa_clean\gold_scrapper.py", line 43, in <module>
    city, g22, g24 = fetch_gold_price()
                     ~~~~~~~~~~~~~~~~^^
  File "C:\flippa_clean\gold_scrapper.py", line 16, in fetch_gold_price
    res.raise_for_status()
    ~~~~~~~~~~~~~~~~~~~~^^
  File "C:\flippa_clean\venv\Lib\site-packages\requests\models.py", line 1026, in raise_for_status
    raise HTTPError(http_error_msg, response=self)
requests.exceptions.HTTPError: 403 Client Error: Forbidden for url: https://www.goodreturns.in/gold-rates/
how can i get an api
where do i get free apis
add the api key in the code curl -X GET 'https://www.goldapi.io/api/XAU/USD' \
-H 'x-access-token: goldapi-h5rolsmkzhkcgw-io'
give a full code with csv
import requests

def make_gapi_request():
    api_key = "goldapi-h5rolsmkzhkcgw-io"
    symbol = "XAU"
    curr = "INR"
    date = ""

    url = f"https://www.goldapi.io/api/{symbol}/{curr}{date}"
    
    headers = {
        "x-access-token": api_key,
        "Content-Type": "application/json"
    }
    
    try:
        response = requests.get(url, headers=headers)
        response.raise_for_status()

        result = response.text
        print(result)
    except requests.exceptions.RequestException as e:
        print("Error:", str(e))

make_gapi_request()
yes run this automatically daily but i have used 3 out of 100 api requests per month
give me the full code now
automate the schedule
show me step by step in windows
i have run the file in venv only will it work through python.exe
how do i find my scheduled tasks
how to get out of venv in cmd
now done what about rest
2 → Put this on a website
i have a question why we have kept 6 am and not time
should i not run twice in a day
show me the full code now
how do i open the site
The system cannot find the file index.html.
===================================
 Gold Auto Website Script Started
===================================
Already updated today. Skipping.
yes
unable to find step 3
yes
C:\flippa_clean>git clone https://bidyutbbrahma-lgtm.github.io/gold-price-india/
'git' is not recognized as an internal or external command,
operable program or batch file.
Cloning into 'gold-price-india'...
fatal: repository 'https://bidyutbbrahma-lgtm.github.io/gold-price-india/' not found
Cloning into 'gold-price-india'...
remote: Enumerating objects: 4, done.
remote: Counting objects: 100% (4/4), done.
remote: Compressing objects: 100% (4/4), done.
remote: Total 4 (delta 0), reused 0 (delta 0), pack-reused 0 (from 0)
Receiving objects: 100% (4/4), done.
C:\Users\Bidyut Bikash Brahma\gold-price-india>
C:\Users\Bidyut Bikash Brahma\gold-price-india>git status
On branch main
Your branch is up to date with 'origin/main'.

nothing to commit, working tree clean
C:\Users\Bidyut Bikash Brahma\gold-price-india>dir
 Volume in drive C is OS
 Volume Serial Number is 84CD-E9B4

 Directory of C:\Users\Bidyut Bikash Brahma\gold-price-india

01/29/2026  08:37 PM    <DIR>          .
01/29/2026  08:37 PM    <DIR>          ..
01/29/2026  08:37 PM                85 gold_prices_india.csv
01/29/2026  08:37 PM             1,001 index.html
               2 File(s)          1,086 bytes
               2 Dir(s)   6,759,153,664 bytes free

C:\Users\Bidyut Bikash Brahma\gold-price-india>
01/29/2026  08:05 PM    <DIR>          .
01/29/2026  08:04 PM             5,047 gold_api_daily.py
01/29/2026  07:01 PM                89 gold_prices.csv
01/29/2026  07:07 PM                85 gold_prices_india.csv
01/29/2026  06:35 PM             1,088 gold_scrapper.py
01/29/2026  08:05 PM             1,001 index.html
01/27/2026  01:38 AM             4,728 new_app.py
01/27/2026  01:24 AM               257 test_browser.py
01/27/2026  01:02 AM    <DIR>          venv
               7 File(s)         12,295 bytes
               2 Dir(s)   6,757,523,456 bytes free
C:\Users\Bidyut Bikash Brahma\gold-price-india>git status
On branch main
Your branch is up to date with 'origin/main'.

Untracked files:
  (use "git add <file>..." to include in what will be committed)
        gold_api_daily.py

nothing added to commit but untracked files present (use "git add" to track)
C:\Users\Bidyut Bikash Brahma\gold-price-india>git commit -m "Add daily auto update script"
Author identity unknown

*** Please tell me who you are.

Run

  git config --global user.email "you@example.com"
  git config --global user.name "Your Name"

to set your account's default identity.
Omit --global to set the identity only in this repository.

fatal: unable to auto-detect email address (got 'Bidyut Bikash Brahma@BIDYUT-SYSTEM.(none)')
C:\Users\Bidyut Bikash Brahma\gold-price-india>git push
info: please complete authentication in your browser...
Enumerating objects: 4, done.
Counting objects: 100% (4/4), done.
Delta compression using up to 4 threads
Compressing objects: 100% (3/3), done.
Writing objects: 100% (3/3), 2.02 KiB | 518.00 KiB/s, done.
Total 3 (delta 0), reused 0 (delta 0), pack-reused 0 (from 0)
To https://github.com/bidyutbbrahma-lgtm/gold-price-india.git
   eaa1e70..8e7dad8  main -> main
show me the full code
wait the changes have been made in the flippa_clean folder
The system cannot find the path specified.
01/29/2026  08:47 PM    <DIR>          .
01/29/2026  09:09 PM    <DIR>          ..
01/29/2026  08:04 PM             5,047 gold_api_daily.py
01/29/2026  08:37 PM                85 gold_prices_india.csv
01/29/2026  08:37 PM             1,001 index.html
               3 File(s)          6,133 bytes
               2 Dir(s)   5,759,885,312 bytes free
but the changes were made in gold_api_daily.py file in flippa_clean folder how to bring those changes in gold_api_daily.py file in gold-price-india
  File "C:\Users\Bidyut Bikash Brahma\gold-price-india\gold_api_daily.py", line 198
    if __name__ == "__main__":
SyntaxError: expected 'except' or 'finally' block
why cant i see the gold-price-india folder 
show me the full code
C:\Users\Bidyut Bikash Brahma\gold-price-india>python gold_api_daily.py

C:\Users\Bidyut Bikash Brahma\gold-price-india>
===================================
 Gold Auto System Running
===================================
Already ran today. Rebuilding site...
[main d6bfcb0] Auto daily update
 2 files changed, 113 insertions(+), 75 deletions(-)
Enumerating objects: 7, done.
Counting objects: 100% (7/7), done.
Delta compression using up to 4 threads
Compressing objects: 100% (4/4), done.
Writing objects: 100% (4/4), 1.37 KiB | 466.00 KiB/s, done.
Total 4 (delta 2), reused 0 (delta 0), pack-reused 0 (from 0)
remote: Resolving deltas: 100% (2/2), completed with 2 local objects.
To https://github.com/bidyutbbrahma-lgtm/gold-price-india.git
   80eccac..d6bfcb0  main -> main
GitHub updated.
now rectify the task scheduler
show me the git commit and push 
C:\Users\Bidyut Bikash Brahma\gold-price-india>git push
Everything up-to-date
C:\Users\Bidyut Bikash Brahma\gold-price-india>git log --oneline -5
d6bfcb0 (HEAD -> main, origin/main, origin/HEAD) Auto daily update
80eccac Sync updated automation script
8e7dad8 Add daily auto update script
eaa1e70 Add files via upload
will the scheduler work if i switch my computer
no
LATER → Stay on laptop for now
how do i check my link
no
C:\Users\Bidyut Bikash Brahma\gold-price-india>git log --oneline -3
d6bfcb0 (HEAD -> main, origin/main, origin/HEAD) Auto daily update
80eccac Sync updated automation script
8e7dad8 Add daily auto update script
d6bfcb0 (HEAD -> main, origin/main, origin/HEAD) Auto daily update
.....no
Information	1/30/2026 8:06:44 AM	102	Task completed	(2)	d810b28e-7e1e-4a56-ab63-e8f2e642b8ca
Information	1/30/2026 8:06:44 AM	201	Action completed	(2)	d810b28e-7e1e-4a56-ab63-e8f2e642b8ca
Information	1/30/2026 8:06:39 AM	110	Task triggered by user	Info	d810b28e-7e1e-4a56-ab63-e8f2e642b8ca
Information	1/30/2026 8:06:39 AM	200	Action started	(1)	d810b28e-7e1e-4a56-ab63-e8f2e642b8ca
Information	1/30/2026 8:06:39 AM	100	Task Started	(1)	d810b28e-7e1e-4a56-ab63-e8f2e642b8ca
Information	1/30/2026 8:06:39 AM	129	Created Task Process	Info	
1/30/2026  7:23:43 AM
date in website didnot change
show me all the code
show me all the code
Already ran today. Rebuilding site...
[main eb28a09] Auto daily update
 3 files changed, 12 insertions(+), 10 deletions(-)
Enumerating objects: 9, done.
Counting objects: 100% (9/9), done.
Delta compression using up to 4 threads
Compressing objects: 100% (5/5), done.
Writing objects: 100% (5/5), 665 bytes | 166.00 KiB/s, done.
Total 5 (delta 2), reused 0 (delta 0), pack-reused 0 (from 0)
remote: Resolving deltas: 100% (2/2), completed with 2 local objects.
To https://github.com/bidyutbbrahma-lgtm/gold-price-india.git
   d6bfcb0..eb28a09  main -> main
GitHub updated.
ok
what is google search console i have searched in google
before we start i want to record and store everything done in this chat in a separate project chat how do i do that